// Jest Snapshot v1, https://goo.gl/fbAQLP

exports[`should render table with mocked data 1`] = `
<table
  className="ui teal collapsing table"
>
  <thead
    className=""
  >
    <tr
      className=""
    >
      <th
        className=""
      >
        Name of test
      </th>
      <th
        className=""
      >
        Number of Fails
      </th>
    </tr>
  </thead>
  <tbody
    className=""
  />
</table>
`;
